PASS README.md 4698dbf215ee6d8edcaedb5e7d8be5035c7dc2ce4a4853bab6d9e507b3185ce8
PASS docs/architecture.md 3242e0439ac6aa5ce6b606e1de56c3c9df8a19f92ea6f1ef6b7f0c0b54167193
PASS docs/cost-estimate.md 8225eb42f6f9b90fbc935c38b65dee193832588b9751caf4bf91d040d6db401d
PASS docs/engine-reuse.md 520e2467dbf1eec68512d17de2b755774d6bc9a277fd93b17ccbdcaf946341ac
PASS docs/plan.md 3b5bc110c3ea2ee0b3edbdadadcf6aacbaf9b50cc4b3e7b00497e2dc45fbd509
PASS docs/references.md 9b2f272dcc7356da07c2576ae7d36935a03ebc685501264ad595e0c8e6d4e987
PASS docs/runtime-budget.md aa08f2fb2e32830d570d9d4aeae50338ede8577e2f137480ebc213fb55dcca07
PASS docs/stress-cases.md 4209256c42107376cae4b32c0648f95e79bdd1a8bbd2396564356632118b6a34
PASS docs/system-reuse.md 021450728be559a6939390a35252a3f683717d7cc1fc80f214813d322cb9cede
PASS docs/training.md 6679266982551128b361952e3999ba17827a005f69f74b703bbdd6b18a979831
PASS docs/verification.md ac1df8c0ef3a34b817925424b0d830c3f8233926721b1ba071c982dcf6aed2f5
PASS spec/authoring.md 29218543d01f5f2291486505c86f4dbd3db298a9706b7e6eb647fc3079d36ea7
PASS spec/core.md 4053e32a2bba76b5e75addb9a3319b21d694931870e20373f167ae3e8e4946bf
PASS spec/execution.md 492534dccea6cd0b3d6d5becbe0651db0f5e5fda86f1731107d6d54932294014
PASS spec/layers.md 723cb4c88b95497fd75d470df78fafef61cf04c47a4f320b36a7550726706af2
PASS spec/mtg-conformance.md b976480b10edd88c67474c60456445859fcca418b6d153fcafdcfe6678d19ba9
PASS spec/planning.md 9df8df0c661ec7d46f65b707236cf94978de7639d8119293c5a86c2ec440c366
PASS spec/policies.md bbaee1404d20df75c5cb71a3699c77532fe5a6cb12e2b1b20c55e301d747bfbb
PASS spec/ports.md 7018d3c9261036d3d49ca4256cf4ef20f9c7596041fa3e7f404fbb995721a882
PASS spec/proofs.md 64a6d0147f63da10b8af3ff9e426148bed33a358f0ebeaef86ebba38f59ffe7a
PASS spec/runtime-contract.md 295bbff11a3664414ce13d51224c791a436f8b70e4fb8fd958f1431c1df032b1
PASS spec/session.md f412da927c1e2cd5c2155d142f26df8c1fa1ac9a8e6b70d2af1566eb37c3e2dc
PASS 22 original documents preserved
