{
  "games": 57,
  "findings": [
    {
      "check": "48 full games: 3 landlords x 4 double choices x 2 redouble choices x 2 submission orders",
      "status": "pass",
      "games": 48,
      "note": "When neither farmer doubles, redouble phase is correctly skipped. Pending peer action constructed before first submission remains valid."
    },
    {
      "check": "3 full games: bid3 then only public host timeout inputs",
      "status": "pass"
    },
    {
      "check": "3 interleaved games equal 3 sequential games",
      "status": "pass",
      "note": "Tests async program instance isolation only, not Session/Runner"
    },
    {
      "check": "terminal frame contains conflicting result and state.result",
      "status": "confirmed-gap",
      "actual": "reward succeeds using state.result while boundary.result disagrees",
      "scope": "Trusted-frame integrity; not a demonstrated player exploit"
    },
    {
      "check": "3 additional 17/20-card hands against independent oracle, exhaustive rank submultisets",
      "status": "pass",
      "subsets": 93769
    },
    {
      "check": "formal API inventory",
      "operations": {
        "toolkit": [
          "request",
          "randomInt",
          "record"
        ],
        "gameModule": [
          "validate",
          "view",
          "actions",
          "reward",
          "facts"
        ],
        "execution": [
          "start",
          "advance",
          "save",
          "restore",
          "close"
        ],
        "game": [
          "manifest",
          "start",
          "apply",
          "view",
          "actions",
          "save",
          "restore",
          "close"
        ],
        "session": [
          "create",
          "read",
          "actions",
          "submit",
          "events",
          "receipt",
          "close"
        ],
        "sessionAdmin": [
          "checkpoint",
          "recover",
          "fork",
          "deliver"
        ],
        "policy": [
          "describe",
          "decide",
          "release"
        ],
        "branch": [
          "save",
          "recover",
          "fork"
        ],
        "runner": [
          "start",
          "status",
          "checkpoint",
          "recover",
          "fork",
          "stop",
          "result"
        ],
        "experiment": [
          "start",
          "status",
          "stop",
          "result"
        ],
        "training": [
          "encode",
          "assemble",
          "start",
          "status",
          "stop",
          "result"
        ],
        "planning": [
          "open",
          "step",
          "fork",
          "close"
        ],
        "analysis": [
          "estimate",
          "evidence"
        ],
        "store": [
          "put",
          "get",
          "appendCommit",
          "appendActor",
          "appendPolicy",
          "query"
        ]
      }
    }
  ]
}
