
> bear-forge@0.2.0 check
> npm run typecheck && npm test && npm run check:boundaries


> bear-forge@0.2.0 typecheck
> tsc --noEmit


> bear-forge@0.2.0 test
> node --experimental-strip-types --test tests/contracts/*.test.ts tests/doudizhu/*.test.ts

✔ recovery rejects old heads and requires a new session and fenced writer (2.375917ms)
✔ forking an old checkpoint requires a different branch (1.231666ms)
✔ simultaneous choices consume only A; B remains valid until explicit invalidation (1.502875ms)
✔ end record closes A even when opponent action ends game without another A decision (2.602584ms)
✔ action sampling requires explicit entropy and sampler version (0.548917ms)
✔ runner exposes a handle before result, checkpoints must have aligned policy memory (2.614583ms)
✔ planning declares opponent policy and excludes real hidden checkpoint input (0.899375ms)
✔ wrong-branch submission is structurally rejected (0.279458ms)
✔ actor packets cannot smuggle audit fields; actor scope is checked (0.180292ms)
✔ atomic commit envelope rejects wrong writer, prefix and attached receipt (0.628792ms)
✔ script probability is explicitly unavailable and cannot become PPO probability silently (0.199583ms)
✔ unknown relation is not zero; dangling endpoints and impossible intervals are rejected (1.102958ms)
✔ boundary values reject functions, undefined, nonfinite numbers and false capabilities (0.374125ms)
✔ toolkit.request: request, response, wire roundtrip, error and version (2.969459ms)
✔ toolkit.randomInt: request, response, wire roundtrip, error and version (0.354041ms)
✔ toolkit.record: request, response, wire roundtrip, error and version (0.236ms)
✔ gameModule.validate: request, response, wire roundtrip, error and version (1.083458ms)
✔ gameModule.view: request, response, wire roundtrip, error and version (0.375917ms)
✔ gameModule.actions: request, response, wire roundtrip, error and version (0.546541ms)
✔ gameModule.reward: request, response, wire roundtrip, error and version (0.280625ms)
✔ gameModule.facts: request, response, wire roundtrip, error and version (0.570291ms)
✔ execution.start: request, response, wire roundtrip, error and version (1.3005ms)
✔ execution.advance: request, response, wire roundtrip, error and version (0.385167ms)
✔ execution.save: request, response, wire roundtrip, error and version (0.303208ms)
✔ execution.restore: request, response, wire roundtrip, error and version (0.220458ms)
✔ execution.close: request, response, wire roundtrip, error and version (0.099709ms)
✔ game.manifest: request, response, wire roundtrip, error and version (0.767375ms)
✔ game.start: request, response, wire roundtrip, error and version (0.480667ms)
✔ game.apply: request, response, wire roundtrip, error and version (0.262625ms)
✔ game.view: request, response, wire roundtrip, error and version (0.629333ms)
✔ game.actions: request, response, wire roundtrip, error and version (0.211958ms)
✔ game.save: request, response, wire roundtrip, error and version (0.16425ms)
✔ game.restore: request, response, wire roundtrip, error and version (0.18425ms)
✔ game.close: request, response, wire roundtrip, error and version (0.073917ms)
✔ session.create: request, response, wire roundtrip, error and version (0.681209ms)
✔ session.read: request, response, wire roundtrip, error and version (0.617417ms)
✔ session.actions: request, response, wire roundtrip, error and version (0.218083ms)
✔ session.submit: request, response, wire roundtrip, error and version (0.498208ms)
✔ session.events: request, response, wire roundtrip, error and version (0.257542ms)
✔ session.receipt: request, response, wire roundtrip, error and version (0.281333ms)
✔ session.close: request, response, wire roundtrip, error and version (0.09825ms)
✔ sessionAdmin.checkpoint: request, response, wire roundtrip, error and version (0.6435ms)
✔ sessionAdmin.recover: request, response, wire roundtrip, error and version (0.347667ms)
✔ sessionAdmin.fork: request, response, wire roundtrip, error and version (0.346708ms)
✔ sessionAdmin.deliver: request, response, wire roundtrip, error and version (0.433292ms)
✔ policy.describe: request, response, wire roundtrip, error and version (0.354041ms)
✔ policy.decide: request, response, wire roundtrip, error and version (2.2565ms)
✔ policy.release: request, response, wire roundtrip, error and version (0.188042ms)
✔ branch.save: request, response, wire roundtrip, error and version (0.152042ms)
✔ branch.recover: request, response, wire roundtrip, error and version (0.103167ms)
✔ branch.fork: request, response, wire roundtrip, error and version (0.273958ms)
✔ runner.start: request, response, wire roundtrip, error and version (0.498083ms)
✔ runner.status: request, response, wire roundtrip, error and version (0.24425ms)
✔ runner.checkpoint: request, response, wire roundtrip, error and version (0.321291ms)
✔ runner.recover: request, response, wire roundtrip, error and version (0.17975ms)
✔ runner.fork: request, response, wire roundtrip, error and version (0.301667ms)
✔ runner.stop: request, response, wire roundtrip, error and version (0.11725ms)
✔ runner.result: request, response, wire roundtrip, error and version (0.364625ms)
✔ experiment.start: request, response, wire roundtrip, error and version (0.390167ms)
✔ experiment.status: request, response, wire roundtrip, error and version (0.13075ms)
✔ experiment.stop: request, response, wire roundtrip, error and version (0.112667ms)
✔ experiment.result: request, response, wire roundtrip, error and version (0.070875ms)
✔ training.encode: request, response, wire roundtrip, error and version (0.194542ms)
✔ training.assemble: request, response, wire roundtrip, error and version (2.016042ms)
✔ training.start: request, response, wire roundtrip, error and version (0.533584ms)
✔ training.status: request, response, wire roundtrip, error and version (0.140375ms)
✔ training.stop: request, response, wire roundtrip, error and version (0.113375ms)
✔ training.result: request, response, wire roundtrip, error and version (0.091416ms)
✔ planning.open: request, response, wire roundtrip, error and version (0.714125ms)
✔ planning.step: request, response, wire roundtrip, error and version (0.156833ms)
✔ planning.fork: request, response, wire roundtrip, error and version (0.68675ms)
✔ planning.close: request, response, wire roundtrip, error and version (0.3115ms)
✔ analysis.estimate: request, response, wire roundtrip, error and version (2.525083ms)
✔ analysis.evidence: request, response, wire roundtrip, error and version (0.239042ms)
✔ store.put: request, response, wire roundtrip, error and version (0.289791ms)
✔ store.get: request, response, wire roundtrip, error and version (0.183042ms)
✔ store.appendCommit: request, response, wire roundtrip, error and version (0.599334ms)
✔ store.appendActor: request, response, wire roundtrip, error and version (0.54825ms)
✔ store.appendPolicy: request, response, wire roundtrip, error and version (0.315ms)
✔ store.query: request, response, wire roundtrip, error and version (0.353958ms)
✔ fixtures cover exactly the public registry (0.072958ms)
✔ full deal/bid/double/play/settle through public toolkit 1 (65.420042ms)
✔ full deal/bid/double/play/settle through public toolkit 7 (32.1585ms)
✔ full deal/bid/double/play/settle through public toolkit 123 (49.540625ms)
✔ every player bids only once; all-pass redeals with controlled random stream (42.073833ms)
✔ normal auction stops after three bids, not after two subsequent passes (45.680958ms)
✔ private simultaneous doubling preserves peer slot and withholds bottom until redouble completes (23.764791ms)
✔ timeouts cover bidding, simultaneous doubles, redouble, leading and following (0.890375ms)
✔ illegal, stale and exact-deadline actions are rejected without mutating frame (0.628459ms)
✔ rulebook appendix scoring example and both kinds of spring (0.289666ms)
✔ queries use stable order, explicit entropy, scoped pages and legal prefix (1.497209ms)
✔ observation ignores opponent hand contents and rejects out-of-turn action queries (3.080875ms)
✔ exact same declared program inputs and random stream reproduce complete records (65.799417ms)
✔ terminal hooks refuse further moves; ordered sampling chooses endpoints (15.461792ms)
✔ each farmer multiplier is independent across all double/redouble combinations (0.272916ms)
✔ rulebook family single: 3 (0.81575ms)
✔ rulebook family pair: 15,15 (0.348875ms)
✔ rulebook family triple: 7,7,7 (0.056333ms)
✔ rulebook family tripleSingle: 3,3,3,4 (0.058583ms)
✔ rulebook family triplePair: 9,9,9,3,3 (0.048083ms)
✔ rulebook family straight: 3,4,5,6,7 (0.040584ms)
✔ rulebook family pairs: 3,3,4,4,5,5 (0.034667ms)
✔ rulebook family airplane: 3,3,3,4,4,4 (0.027959ms)
✔ rulebook family airplaneSingle: 3,3,3,4,4,4,5,5 (0.070791ms)
✔ rulebook family airplanePair: 3,3,3,4,4,4,6,6,9,9 (0.078ms)
✔ rulebook family fourSingles: 5,5,5,5,3,9 (0.042667ms)
✔ rulebook family fourSingles: 5,5,5,5,3,3 (0.031875ms)
✔ rulebook family fourPairs: 9,9,9,9,6,6,8,8 (0.029666ms)
✔ rulebook family bomb: 15,15,15,15 (0.03425ms)
✔ rulebook family rocket: 16,17 (0.020916ms)
✔ illegal rank sequences, wings, double jokers and attached bomb are rejected (0.360708ms)
✔ comparison requires same family/length; bombs and rocket override (0.125458ms)
✔ complete legal-action set vs independent subset oracle 0 (1.772375ms)
✔ complete legal-action set vs independent subset oracle 1 (1.120333ms)
✔ complete legal-action set vs independent subset oracle 2 (7.1285ms)
✔ complete legal-action set vs independent subset oracle 3 (4.529333ms)
✔ complete legal-action set vs independent subset oracle 4 (3.9985ms)
✔ complete legal-action set vs independent subset oracle 5 (6.325833ms)
✔ complete legal-action set vs independent subset oracle 6 (4.778208ms)
✔ complete legal-action set vs independent subset oracle 7 (1.623458ms)
✔ complete legal-action set vs independent subset oracle 8 (4.394333ms)
✔ twos are not consecutive with ace when used as non-pair wings (0.06675ms)
ℹ tests 122
ℹ suites 0
ℹ pass 122
ℹ fail 0
ℹ cancelled 0
ℹ skipped 0
ℹ todo 0
ℹ duration_ms 483.982667

> bear-forge@0.2.0 check:boundaries
> node --experimental-strip-types tools/check_boundaries.ts && python3 tools/update_game_identity.py --check

PASS: game -> local domain modules / public contracts / pinned Zod; no private host port or direct runtime-service dependency
LIMIT: source dependency check, not a compiler whitelist or security sandbox proof
PASS: game content identities
