
> bear-forge@0.3.0 check
> npm run typecheck && npm test && npm run check:boundaries


> bear-forge@0.3.0 typecheck
> tsc --noEmit


> bear-forge@0.3.0 test
> node --experimental-strip-types --test tests/contracts/*.test.ts tests/doudizhu/*.test.ts

✔ author module maps to existing Core/Game: events drain once and rejected input preserves boundary (3.391833ms)
✔ one author function also runs natively with matching state, requests, events and result (0.387708ms)
✔ artifact shape is separate from source modules and is not an admission proof (0.306458ms)
✔ Core faults cannot become a Game normal ending (0.309375ms)
✔ fixed categories are enums; opaque identifiers have concrete validation (2.068084ms)
✔ generic Core requests/capture work without game concepts; invalid replies do not advance (1.387334ms)
✔ same transition capability supports stack exploration and repeated rollouts (0.122375ms)
✔ full GameRuntime -> Execution -> real program, landlord 0 (32.995958ms)
✔ full GameRuntime -> Execution -> real program, landlord 1 (15.307667ms)
✔ full GameRuntime -> Execution -> real program, landlord 2 (22.432208ms)
✔ all-pass redeals; ordinary auction ends after exactly three bids (36.531209ms)
✔ private doubling keeps the other original input valid, and reveals bottom later (0.637542ms)
✔ full game can be driven by timeout templates after auction (17.071625ms)
✔ all timeout defaults, including redouble and two passes (0.356042ms)
✔ illegal/out-of-turn/exact-deadline inputs do not resume or capture; queries are typed (1.17725ms)
✔ same public program inputs reproduce game trace, independent games interleave without contamination (108.201458ms)
✔ one adapter hosts distinct games; cursors cannot cross game identities (0.719041ms)
✔ rulebook settlement and every farmer multiplier remain intact (0.262583ms)
✔ terminal consistency is validated; there is no second independent boundary.result (11.872542ms)
✔ executor reject preserves the correct adapter state (0.542208ms)
✔ executor malformed preserves the correct adapter state (0.538083ms)
✔ executor throw preserves the correct adapter state (0.170208ms)
✔ rulebook family single: 3 (0.563042ms)
✔ rulebook family pair: 15,15 (0.341542ms)
✔ rulebook family triple: 7,7,7 (0.066875ms)
✔ rulebook family tripleSingle: 3,3,3,4 (0.068292ms)
✔ rulebook family triplePair: 9,9,9,3,3 (0.050417ms)
✔ rulebook family straight: 3,4,5,6,7 (0.0505ms)
✔ rulebook family pairs: 3,3,4,4,5,5 (0.034ms)
✔ rulebook family airplane: 3,3,3,4,4,4 (0.03075ms)
✔ rulebook family airplaneSingle: 3,3,3,4,4,4,5,5 (0.079917ms)
✔ rulebook family airplanePair: 3,3,3,4,4,4,6,6,9,9 (0.0765ms)
✔ rulebook family fourSingles: 5,5,5,5,3,9 (0.042583ms)
✔ rulebook family fourSingles: 5,5,5,5,3,3 (0.036542ms)
✔ rulebook family fourPairs: 9,9,9,9,6,6,8,8 (0.0315ms)
✔ rulebook family bomb: 15,15,15,15 (0.027166ms)
✔ rulebook family rocket: 16,17 (0.022166ms)
✔ illegal rank sequences, wings, double jokers and attached bomb are rejected (0.41525ms)
✔ comparison requires same family/length; bombs and rocket override (0.151959ms)
✔ complete legal-action set vs independent subset oracle 0 (2.108875ms)
✔ complete legal-action set vs independent subset oracle 1 (1.145333ms)
✔ complete legal-action set vs independent subset oracle 2 (6.942125ms)
✔ complete legal-action set vs independent subset oracle 3 (4.524125ms)
✔ complete legal-action set vs independent subset oracle 4 (3.805334ms)
✔ complete legal-action set vs independent subset oracle 5 (6.110166ms)
✔ complete legal-action set vs independent subset oracle 6 (5.378084ms)
✔ complete legal-action set vs independent subset oracle 7 (2.027792ms)
✔ complete legal-action set vs independent subset oracle 8 (3.652541ms)
✔ twos are not consecutive with ace when used as non-pair wings (0.058958ms)
ℹ tests 49
ℹ suites 0
ℹ pass 49
ℹ fail 0
ℹ cancelled 0
ℹ skipped 0
ℹ todo 0
ℹ duration_ms 360.476875

> bear-forge@0.3.0 check:boundaries
> node --experimental-strip-types tools/check_boundaries.ts

PASS: Core/Game contracts separated; no protocol factories; game imports only local implementation/public contracts/Zod
LIMIT: source dependency audit, not a controlled compiler or runtime sandbox proof
