
> bear-forge@0.2.0 check
> npm run typecheck && npm test && npm run check:boundaries


> bear-forge@0.2.0 typecheck
> tsc --noEmit


> bear-forge@0.2.0 test
> node --experimental-strip-types --test tests/contracts/*.test.ts tests/doudizhu/*.test.ts

✔ recovery rejects old heads and requires a new session and fenced writer (2.6265ms)
✔ forking an old checkpoint requires a different branch (1.322ms)
✔ simultaneous choices consume only A; B remains valid until explicit invalidation (1.898084ms)
✔ end record closes A even when opponent action ends game without another A decision (3.368125ms)
✔ action sampling requires explicit entropy and sampler version (0.334708ms)
✔ runner exposes a handle before result, checkpoints must have aligned policy memory (1.568834ms)
✔ planning declares opponent policy and excludes real hidden checkpoint input (0.829625ms)
✔ wrong-branch submission is structurally rejected (0.273792ms)
✔ actor packets cannot smuggle audit fields; actor scope is checked (0.326667ms)
✔ atomic commit envelope rejects wrong writer, prefix and attached receipt (0.737375ms)
✔ script probability is explicitly unavailable and cannot become PPO probability silently (0.228458ms)
✔ unknown relation is not zero; dangling endpoints and impossible intervals are rejected (1.120542ms)
✔ boundary values reject functions, undefined, nonfinite numbers and false capabilities (0.380958ms)
✔ toolkit.request: request, response, wire roundtrip, error and version (3.345917ms)
✔ toolkit.randomInt: request, response, wire roundtrip, error and version (0.58775ms)
✔ toolkit.record: request, response, wire roundtrip, error and version (1.628334ms)
✔ gameModule.validate: request, response, wire roundtrip, error and version (1.586791ms)
✔ gameModule.view: request, response, wire roundtrip, error and version (0.414792ms)
✔ gameModule.actions: request, response, wire roundtrip, error and version (0.534416ms)
✔ gameModule.reward: request, response, wire roundtrip, error and version (0.259166ms)
✔ gameModule.facts: request, response, wire roundtrip, error and version (0.199375ms)
✔ execution.start: request, response, wire roundtrip, error and version (0.821ms)
✔ execution.advance: request, response, wire roundtrip, error and version (0.292125ms)
✔ execution.save: request, response, wire roundtrip, error and version (0.235208ms)
✔ execution.restore: request, response, wire roundtrip, error and version (0.17675ms)
✔ execution.close: request, response, wire roundtrip, error and version (0.079458ms)
✔ game.manifest: request, response, wire roundtrip, error and version (0.686583ms)
✔ game.start: request, response, wire roundtrip, error and version (0.4505ms)
✔ game.apply: request, response, wire roundtrip, error and version (0.27575ms)
✔ game.view: request, response, wire roundtrip, error and version (0.147917ms)
✔ game.actions: request, response, wire roundtrip, error and version (0.231834ms)
✔ game.save: request, response, wire roundtrip, error and version (0.188708ms)
✔ game.restore: request, response, wire roundtrip, error and version (0.214125ms)
✔ game.close: request, response, wire roundtrip, error and version (0.108125ms)
✔ session.create: request, response, wire roundtrip, error and version (0.983959ms)
✔ session.read: request, response, wire roundtrip, error and version (0.727667ms)
✔ session.actions: request, response, wire roundtrip, error and version (0.261666ms)
✔ session.submit: request, response, wire roundtrip, error and version (0.564708ms)
✔ session.events: request, response, wire roundtrip, error and version (0.276375ms)
✔ session.receipt: request, response, wire roundtrip, error and version (0.292959ms)
✔ session.close: request, response, wire roundtrip, error and version (0.11125ms)
✔ sessionAdmin.checkpoint: request, response, wire roundtrip, error and version (1.009625ms)
✔ sessionAdmin.recover: request, response, wire roundtrip, error and version (0.1845ms)
✔ sessionAdmin.fork: request, response, wire roundtrip, error and version (0.256333ms)
✔ sessionAdmin.deliver: request, response, wire roundtrip, error and version (0.354458ms)
✔ policy.describe: request, response, wire roundtrip, error and version (0.323334ms)
✔ policy.decide: request, response, wire roundtrip, error and version (0.837792ms)
✔ policy.release: request, response, wire roundtrip, error and version (0.124417ms)
✔ branch.save: request, response, wire roundtrip, error and version (0.147333ms)
✔ branch.recover: request, response, wire roundtrip, error and version (0.130042ms)
✔ branch.fork: request, response, wire roundtrip, error and version (0.314583ms)
✔ runner.start: request, response, wire roundtrip, error and version (0.519125ms)
✔ runner.status: request, response, wire roundtrip, error and version (0.24025ms)
✔ runner.checkpoint: request, response, wire roundtrip, error and version (0.400083ms)
✔ runner.recover: request, response, wire roundtrip, error and version (0.217042ms)
✔ runner.fork: request, response, wire roundtrip, error and version (0.368ms)
✔ runner.stop: request, response, wire roundtrip, error and version (0.157375ms)
✔ runner.result: request, response, wire roundtrip, error and version (0.402833ms)
✔ experiment.start: request, response, wire roundtrip, error and version (0.434375ms)
✔ experiment.status: request, response, wire roundtrip, error and version (0.145917ms)
✔ experiment.stop: request, response, wire roundtrip, error and version (0.141625ms)
✔ experiment.result: request, response, wire roundtrip, error and version (0.084958ms)
✔ training.encode: request, response, wire roundtrip, error and version (0.208917ms)
✔ training.assemble: request, response, wire roundtrip, error and version (1.650834ms)
✔ training.start: request, response, wire roundtrip, error and version (0.920125ms)
✔ training.status: request, response, wire roundtrip, error and version (0.201792ms)
✔ training.stop: request, response, wire roundtrip, error and version (0.129292ms)
✔ training.result: request, response, wire roundtrip, error and version (0.094834ms)
✔ planning.open: request, response, wire roundtrip, error and version (0.753583ms)
✔ planning.step: request, response, wire roundtrip, error and version (0.161666ms)
✔ planning.fork: request, response, wire roundtrip, error and version (0.12925ms)
✔ planning.close: request, response, wire roundtrip, error and version (0.095666ms)
✔ analysis.estimate: request, response, wire roundtrip, error and version (1.141ms)
✔ analysis.evidence: request, response, wire roundtrip, error and version (0.204167ms)
✔ store.put: request, response, wire roundtrip, error and version (0.276375ms)
✔ store.get: request, response, wire roundtrip, error and version (0.155791ms)
✔ store.appendCommit: request, response, wire roundtrip, error and version (0.581333ms)
✔ store.appendActor: request, response, wire roundtrip, error and version (0.378208ms)
✔ store.appendPolicy: request, response, wire roundtrip, error and version (0.342417ms)
✔ store.query: request, response, wire roundtrip, error and version (0.547875ms)
✔ fixtures cover exactly the public registry (0.07775ms)
✔ full deal/bid/double/play/settle through public toolkit 1 (63.918ms)
✔ full deal/bid/double/play/settle through public toolkit 7 (33.613166ms)
✔ full deal/bid/double/play/settle through public toolkit 123 (51.166833ms)
✔ every player bids only once; all-pass redeals with controlled random stream (41.749167ms)
✔ normal auction stops after three bids, not after two subsequent passes (46.089917ms)
✔ private simultaneous doubling preserves peer slot and withholds bottom until redouble completes (23.608375ms)
✔ timeouts cover bidding, simultaneous doubles, redouble, leading and following (0.886833ms)
✔ illegal, stale and exact-deadline actions are rejected without mutating frame (0.583375ms)
✔ rulebook appendix scoring example and both kinds of spring (0.284792ms)
✔ queries use stable order, explicit entropy, scoped pages and legal prefix (1.478834ms)
✔ observation ignores opponent hand contents and rejects out-of-turn action queries (0.812625ms)
✔ exact same declared program inputs and random stream reproduce complete records (66.044708ms)
✔ terminal hooks refuse further moves; ordered sampling chooses endpoints (15.479292ms)
✔ each farmer multiplier is independent across all double/redouble combinations (0.26875ms)
✔ rulebook family single: 3 (0.579125ms)
✔ rulebook family pair: 15,15 (0.34825ms)
✔ rulebook family triple: 7,7,7 (0.067ms)
✔ rulebook family tripleSingle: 3,3,3,4 (0.070875ms)
✔ rulebook family triplePair: 9,9,9,3,3 (0.055083ms)
✔ rulebook family straight: 3,4,5,6,7 (0.044125ms)
✔ rulebook family pairs: 3,3,4,4,5,5 (0.034916ms)
✔ rulebook family airplane: 3,3,3,4,4,4 (0.0305ms)
✔ rulebook family airplaneSingle: 3,3,3,4,4,4,5,5 (0.080709ms)
✔ rulebook family airplanePair: 3,3,3,4,4,4,6,6,9,9 (0.073417ms)
✔ rulebook family fourSingles: 5,5,5,5,3,9 (0.046917ms)
✔ rulebook family fourSingles: 5,5,5,5,3,3 (0.035584ms)
✔ rulebook family fourPairs: 9,9,9,9,6,6,8,8 (0.034125ms)
✔ rulebook family bomb: 15,15,15,15 (0.026375ms)
✔ rulebook family rocket: 16,17 (0.01875ms)
✔ illegal rank sequences, wings, double jokers and attached bomb are rejected (0.354125ms)
✔ comparison requires same family/length; bombs and rocket override (0.137125ms)
✔ complete legal-action set vs independent subset oracle 0 (1.867292ms)
✔ complete legal-action set vs independent subset oracle 1 (1.255333ms)
✔ complete legal-action set vs independent subset oracle 2 (6.863291ms)
✔ complete legal-action set vs independent subset oracle 3 (4.718625ms)
✔ complete legal-action set vs independent subset oracle 4 (3.635417ms)
✔ complete legal-action set vs independent subset oracle 5 (6.972125ms)
✔ complete legal-action set vs independent subset oracle 6 (5.710708ms)
✔ complete legal-action set vs independent subset oracle 7 (2.324708ms)
✔ complete legal-action set vs independent subset oracle 8 (5.225291ms)
✔ twos are not consecutive with ace when used as non-pair wings (0.062ms)
ℹ tests 122
ℹ suites 0
ℹ pass 122
ℹ fail 0
ℹ cancelled 0
ℹ skipped 0
ℹ todo 0
ℹ duration_ms 466.742417

> bear-forge@0.2.0 check:boundaries
> node --experimental-strip-types tools/check_boundaries.ts && python3 tools/update_game_identity.py --check

PASS: game -> local domain modules / public contracts / pinned Zod; no private host port or direct runtime-service dependency
LIMIT: source dependency check, not a compiler whitelist or security sandbox proof
PASS: game content identities
