
> bear-forge@0.3.0 check
> npm run typecheck && npm test && npm run check:boundaries && npm run check:schemas


> bear-forge@0.3.0 typecheck
> tsc --noEmit


> bear-forge@0.3.0 test
> node --experimental-strip-types --test tests/contracts/*.test.ts tests/doudizhu/*.test.ts

✔ author module maps to existing Core/Game: events drain once and rejected input preserves boundary (4.807625ms)
✔ one author function also runs natively with matching state, requests, events and result (0.713167ms)
✔ artifact shape is separate from source modules and is not an admission proof (0.477417ms)
✔ Core faults cannot become a Game normal ending (0.240125ms)
✔ fixed categories are enums; opaque identifiers have concrete validation (2.175958ms)
✔ generic Core requests/capture work without game concepts; invalid replies do not advance (1.442333ms)
✔ same transition capability supports stack exploration and repeated rollouts (0.133917ms)
✔ Game failures have closed kind/code/state combinations and value-preserving schemas (2.169167ms)
✔ every Core failure maps into the public Game carrier without losing its class (0.552ms)
✔ exact and construct share a JSON envelope while games own concrete schemas (4.143833ms)
✔ Dou Dizhu only accepts the concrete exact action reply (0.431708ms)
✔ construct convention is interpreted by a caller, with no Core or game-state access (0.072458ms)
✔ every Core kind/code pair accepts exactly the documented combinations (2.503667ms)
✔ game schema table binds options and validation to the selected contract (1.487417ms)
✔ runtime contract dispatch rejects wrong key and wrong shape before domain validation (3.343584ms)
✔ two request types retain distinct native results in one game loop (0.137834ms)
✔ per-run options and Game snapshot schemas reject invalid public data (0.33225ms)
✔ schema profile rejects value changes, stripping and unknown nested constructors (3.153917ms)
✔ approved structural schemas preserve values over repeated validation (3.887625ms)
✔ custom checks require explicit trusted approval; equality guard rejects mutation anyway (0.67575ms)
✔ F4 original transform is rejected before parsing; parser edge cases cannot silently change data (0.310917ms)
✔ module key registries reject symbols, accessors, inheritance and mismatched handlers (0.165416ms)
✔ boundary copying does not invoke getters or silently strip host properties (0.187041ms)
✔ schema inspection does not execute lazy or object-shape getters (0.474791ms)
✔ accepted boundary copies preserve aliases while isolating the caller (0.306208ms)
✔ trusted approvals cannot override excluded transform and overwrite constructors (0.147833ms)
✔ diagnostic callbacks are subject to admission too (0.114625ms)
✔ byte boundary copies cannot retain shared mutable backing storage (0.21275ms)
✔ F1: simulation-only service recursively queries, validates and releases every child (11.63075ms)
✔ read targets reject foreign, wrong-boundary and illegal-input cases without changing snapshots (0.465ms)
✔ full GameRuntime -> Execution -> real program, landlord 0 (33.478292ms)
✔ full GameRuntime -> Execution -> real program, landlord 1 (14.73125ms)
✔ full GameRuntime -> Execution -> real program, landlord 2 (22.930542ms)
✔ all-pass redeals; ordinary auction ends after exactly three bids (36.17875ms)
✔ private doubling keeps the other original input valid, and reveals bottom later (0.67ms)
✔ full game can be driven by timeout templates after auction (17.102708ms)
✔ all timeout defaults, including redouble and two passes (0.3305ms)
✔ illegal/out-of-turn/exact-deadline inputs do not resume or capture; queries are typed (0.609584ms)
✔ same public program inputs reproduce game trace, independent games interleave without contamination (108.077208ms)
✔ one adapter hosts distinct games; exact query outputs are isolated (0.553292ms)
✔ rulebook settlement and every farmer multiplier remain intact (0.244334ms)
✔ terminal consistency is validated; there is no second independent boundary.result (10.208875ms)
✔ executor reject preserves the correct adapter state (0.66625ms)
✔ executor malformed preserves the correct adapter state (0.691917ms)
✔ executor throw preserves the correct adapter state (0.218458ms)
✔ executor outer-fault preserves the correct adapter state (0.169791ms)
✔ executor boundary-fault preserves the correct adapter state (0.166459ms)
✔ exact play options include every lead single and all returned actions pass game validation (1.275292ms)
✔ synchronous Core exceptions quarantine just like rejected promises (0.24725ms)
✔ close and advance cannot race; failed cleanup remains retryable (0.261125ms)
✔ different execution identity in a successful reply is an output fault (0.275625ms)
✔ confirmed missing Core execution permits idempotent local cleanup (0.185417ms)
✔ rulebook family single: 3 (0.744959ms)
✔ rulebook family pair: 15,15 (0.466458ms)
✔ rulebook family triple: 7,7,7 (0.103458ms)
✔ rulebook family tripleSingle: 3,3,3,4 (0.092ms)
✔ rulebook family triplePair: 9,9,9,3,3 (0.071583ms)
✔ rulebook family straight: 3,4,5,6,7 (0.060333ms)
✔ rulebook family pairs: 3,3,4,4,5,5 (0.046792ms)
✔ rulebook family airplane: 3,3,3,4,4,4 (0.043792ms)
✔ rulebook family airplaneSingle: 3,3,3,4,4,4,5,5 (0.111625ms)
✔ rulebook family airplanePair: 3,3,3,4,4,4,6,6,9,9 (0.110875ms)
✔ rulebook family fourSingles: 5,5,5,5,3,9 (0.065083ms)
✔ rulebook family fourSingles: 5,5,5,5,3,3 (0.054959ms)
✔ rulebook family fourPairs: 9,9,9,9,6,6,8,8 (0.042084ms)
✔ rulebook family bomb: 15,15,15,15 (0.037625ms)
✔ rulebook family rocket: 16,17 (0.028208ms)
✔ illegal rank sequences, wings, double jokers and attached bomb are rejected (0.463542ms)
✔ comparison requires same family/length; bombs and rocket override (0.174958ms)
✔ complete legal-action set vs independent subset oracle 0 (2.174958ms)
✔ complete legal-action set vs independent subset oracle 1 (1.712209ms)
✔ complete legal-action set vs independent subset oracle 2 (8.230708ms)
✔ complete legal-action set vs independent subset oracle 3 (5.101417ms)
✔ complete legal-action set vs independent subset oracle 4 (6.261459ms)
✔ complete legal-action set vs independent subset oracle 5 (10.217834ms)
✔ complete legal-action set vs independent subset oracle 6 (10.672459ms)
✔ complete legal-action set vs independent subset oracle 7 (2.566667ms)
✔ complete legal-action set vs independent subset oracle 8 (6.704917ms)
✔ twos are not consecutive with ace when used as non-pair wings (0.075833ms)
ℹ tests 79
ℹ suites 0
ℹ pass 79
ℹ fail 0
ℹ cancelled 0
ℹ skipped 0
ℹ todo 0
ℹ duration_ms 400.126

> bear-forge@0.3.0 check:boundaries
> node --experimental-strip-types tools/check_boundaries.ts

PASS: Core/Game contracts separated; no protocol factories; game imports only local implementation/public contracts/Zod
LIMIT: source dependency audit, not a controlled compiler or runtime sandbox proof

> bear-forge@0.3.0 check:schemas
> node --experimental-strip-types tools/check_schema_admission.ts

PASS: 51 public/game schemas satisfy the pinned value-preserving structural profile
LIMIT: genuine admitted Zod instances and reviewed callback provenance are prerequisites; runtime must use value-equality validation, not arbitrary parse calls.
