
> bear-forge@0.3.0 check
> npm run typecheck && npm test && npm run check:boundaries && npm run check:schemas && npm run check:proof-coverage


> bear-forge@0.3.0 typecheck
> tsc --noEmit


> bear-forge@0.3.0 test
> node --experimental-strip-types --test tests/contracts/*.test.ts tests/doudizhu/*.test.ts

✔ author module maps to existing Core/Game: events drain once and rejected input preserves boundary (4.112084ms)
✔ one author function also runs natively with matching state, requests, events and result (0.473125ms)
✔ artifact shape is separate from source modules and is not an admission proof (0.522208ms)
✔ Core faults cannot become a Game normal ending (0.255416ms)
✔ fixed categories are enums; opaque identifiers have concrete validation (2.283667ms)
✔ generic Core requests/capture work without game concepts; invalid replies do not advance (2.298875ms)
✔ same transition capability supports stack exploration and repeated rollouts (0.137708ms)
✔ capture argument schemas reject unsafe, fractional and negative coordinates (1.815458ms)
✔ busy resume rejects inspect, close and competing resume without stranding the original call (1.328958ms)
✔ append-only capture pagination supports polling at the tail without skipping or aliasing (0.505625ms)
✔ overlapping requests fault instead of overwriting the first pending continuation (0.339334ms)
✔ catching an invalid request cannot turn a faulted execution into a successful result (0.303542ms)
✔ Game failures have closed kind/code/state combinations and value-preserving schemas (2.240792ms)
✔ every Core failure maps into the public Game carrier without losing its class (0.323917ms)
✔ exact and construct share a JSON envelope while games own concrete schemas (3.285042ms)
✔ Dou Dizhu only accepts the concrete exact action reply (0.581166ms)
✔ construct convention is interpreted by a caller, with no Core or game-state access (0.085208ms)
✔ context scopes exact lists, while every listed reply carries all submission fields (4.755167ms)
✔ a declared construct convention can denote exactly the same scoped set without Core knowledge (0.498667ms)
✔ every Core kind/code pair accepts exactly the documented combinations (2.214459ms)
✔ game schema table binds options and validation to the selected contract (1.42075ms)
✔ runtime contract dispatch rejects wrong key and wrong shape before domain validation (4.543459ms)
✔ two request types retain distinct native results in one game loop (0.14575ms)
✔ per-run options and Game snapshot schemas reject invalid public data (0.339583ms)
✔ schema profile rejects value changes, stripping and unknown nested constructors (3.440333ms)
✔ approved structural schemas preserve values over repeated validation (3.881458ms)
✔ custom checks require explicit trusted approval; equality guard rejects mutation anyway (0.725708ms)
✔ F4 original transform is rejected before parsing; parser edge cases cannot silently change data (0.215125ms)
✔ module key registries reject symbols, accessors, inheritance and mismatched handlers (0.155042ms)
✔ boundary copying does not invoke getters or silently strip host properties (0.196791ms)
✔ schema inspection does not execute lazy or object-shape getters (0.118041ms)
✔ accepted boundary copies preserve aliases while isolating the caller (0.294167ms)
✔ trusted approvals cannot override excluded transform and overwrite constructors (0.157166ms)
✔ diagnostic callbacks are subject to admission too (0.12525ms)
✔ byte boundary copies cannot retain shared mutable backing storage (0.274792ms)
✔ F1: simulation-only service recursively queries, validates and releases every child (9.006041ms)
✔ read targets reject foreign, wrong-boundary and illegal-input cases without changing snapshots (0.364791ms)
✔ snapshot batch release validates all refs before deleting any; duplicate refs denote one resource (0.257625ms)
✔ releasing parent snapshot or closing source game does not release the independent child (0.294542ms)
✔ full GameRuntime -> Execution -> real program, landlord 0 (36.5995ms)
✔ full GameRuntime -> Execution -> real program, landlord 1 (16.630875ms)
✔ full GameRuntime -> Execution -> real program, landlord 2 (24.229292ms)
✔ all-pass redeals; ordinary auction ends after exactly three bids (40.0295ms)
✔ private doubling keeps the other original input valid, and reveals bottom later (0.940833ms)
✔ full game can be driven by timeout templates after auction (18.035958ms)
✔ all timeout defaults, including redouble and two passes (0.384709ms)
✔ illegal/out-of-turn/exact-deadline inputs do not resume or capture; queries are typed (0.680792ms)
✔ same public program inputs reproduce game trace, independent games interleave without contamination (117.161541ms)
✔ one adapter hosts distinct games; exact query outputs are isolated (0.713375ms)
✔ rulebook settlement and every farmer multiplier remain intact (0.27525ms)
✔ terminal consistency is validated; there is no second independent boundary.result (10.206292ms)
✔ executor reject preserves the correct adapter state (0.656917ms)
✔ executor malformed preserves the correct adapter state (0.741458ms)
✔ executor throw preserves the correct adapter state (0.247375ms)
✔ executor outer-fault preserves the correct adapter state (0.1975ms)
✔ executor boundary-fault preserves the correct adapter state (0.196584ms)
✔ exact play options include every lead single and all returned actions pass game validation (2.299834ms)
✔ synchronous Core exceptions quarantine just like rejected promises (0.270958ms)
✔ close and advance cannot race; failed cleanup remains retryable (0.240334ms)
✔ different execution identity in a successful reply is an output fault (0.307958ms)
✔ confirmed missing Core execution permits idempotent local cleanup (0.17825ms)
✔ noncanonical play is rejected before resume and the canonical exact option remains usable (1.06475ms)
✔ rulebook family single: 3 (1.3205ms)
✔ rulebook family pair: 15,15 (0.1205ms)
✔ rulebook family triple: 7,7,7 (0.089083ms)
✔ rulebook family tripleSingle: 3,3,3,4 (0.06375ms)
✔ rulebook family triplePair: 9,9,9,3,3 (0.061292ms)
✔ rulebook family straight: 3,4,5,6,7 (0.0545ms)
✔ rulebook family pairs: 3,3,4,4,5,5 (0.047916ms)
✔ rulebook family airplane: 3,3,3,4,4,4 (0.054125ms)
✔ rulebook family airplaneSingle: 3,3,3,4,4,4,5,5 (0.115375ms)
✔ rulebook family airplanePair: 3,3,3,4,4,4,6,6,9,9 (0.11ms)
✔ rulebook family fourSingles: 5,5,5,5,3,9 (0.060666ms)
✔ rulebook family fourSingles: 5,5,5,5,3,3 (0.060375ms)
✔ rulebook family fourPairs: 9,9,9,9,6,6,8,8 (0.05025ms)
✔ rulebook family bomb: 15,15,15,15 (0.060125ms)
✔ rulebook family rocket: 16,17 (0.053792ms)
✔ illegal rank sequences, wings, double jokers and attached bomb are rejected (0.476625ms)
✔ comparison requires same family/length; bombs and rocket override (0.18125ms)
✔ complete legal-action set vs independent subset oracle 0 (2.633958ms)
✔ complete legal-action set vs independent subset oracle 1 (0.970666ms)
✔ complete legal-action set vs independent subset oracle 2 (7.517083ms)
✔ complete legal-action set vs independent subset oracle 3 (5.782917ms)
✔ complete legal-action set vs independent subset oracle 4 (3.66175ms)
✔ complete legal-action set vs independent subset oracle 5 (5.330333ms)
✔ complete legal-action set vs independent subset oracle 6 (4.57925ms)
✔ complete legal-action set vs independent subset oracle 7 (1.577792ms)
✔ complete legal-action set vs independent subset oracle 8 (3.298292ms)
✔ twos are not consecutive with ace when used as non-pair wings (0.069625ms)
✔ canonical play encoding preserves every rulebook family and rejects permutation duplicates (2.023792ms)
ℹ tests 90
ℹ suites 0
ℹ pass 90
ℹ fail 0
ℹ cancelled 0
ℹ skipped 0
ℹ todo 0
ℹ duration_ms 431.647959

> bear-forge@0.3.0 check:boundaries
> node --experimental-strip-types tools/check_boundaries.ts

PASS: Core/Game contracts separated; no protocol factories; game imports only local implementation/public contracts/Zod
LIMIT: source dependency audit, not a controlled compiler or runtime sandbox proof

> bear-forge@0.3.0 check:schemas
> node --experimental-strip-types tools/check_schema_admission.ts

PASS: 53 public/game schemas satisfy the pinned value-preserving structural profile
LIMIT: genuine admitted Zod instances and reviewed callback provenance are prerequisites; runtime must use value-equality validation, not arbitrary parse calls.

> bear-forge@0.3.0 check:proof-coverage
> node --experimental-strip-types tools/check_protocol_coverage.ts --self-test

PASS: 103 public definitions covered by 15 named law groups
OPEN: 15 law groups retain outstanding obligations; coverage is not correctness proof
PASS: reject missing export
PASS: reject extra export
PASS: reject duplicate export
PASS: reject uncovered export
PASS: reject unknown law
PASS: reject stale source
PASS: reject unsupported completion label
PASS: reject missing evidence
