
> bear-forge@0.3.0 check
> npm run typecheck && npm test && npm run check:boundaries


> bear-forge@0.3.0 typecheck
> tsc --noEmit


> bear-forge@0.3.0 test
> node --experimental-strip-types --test tests/contracts/*.test.ts tests/doudizhu/*.test.ts

✔ recovery rejects old heads and requires a new session and fenced writer (1.95775ms)
✔ forking an old checkpoint requires a different branch (1.721292ms)
✔ simultaneous choices consume only A; B remains valid until explicit invalidation (2.725875ms)
✔ end record closes A even when opponent action ends game without another A decision (2.668ms)
✔ action sampling requires explicit entropy and sampler version (0.345333ms)
✔ runner exposes a handle before result, checkpoints must have aligned policy memory (1.632875ms)
✔ planning declares opponent policy and excludes real hidden checkpoint input (0.874292ms)
✔ wrong-branch submission is structurally rejected (0.279459ms)
✔ actor packets cannot smuggle audit fields; actor scope is checked (0.19525ms)
✔ atomic commit envelope rejects wrong writer, prefix and attached receipt (1.35825ms)
✔ script probability is explicitly unavailable and cannot become PPO probability silently (0.224375ms)
✔ unknown relation is not zero; dangling endpoints and impossible intervals are rejected (1.095209ms)
✔ boundary values reject functions, undefined, nonfinite numbers and false capabilities (0.401417ms)
✔ policyServicesAdmin.bind: request, response, wire roundtrip, error and version (3.115375ms)
✔ policyServicesAdmin.revoke: request, response, wire roundtrip, error and version (0.3765ms)
✔ policyActions.query: request, response, wire roundtrip, error and version (1.392375ms)
✔ policyPlanning.open: request, response, wire roundtrip, error and version (1.884834ms)
✔ policyPlanning.actions: request, response, wire roundtrip, error and version (0.457708ms)
✔ policyPlanning.step: request, response, wire roundtrip, error and version (0.374708ms)
✔ policyPlanning.fork: request, response, wire roundtrip, error and version (0.270459ms)
✔ policyPlanning.close: request, response, wire roundtrip, error and version (0.215458ms)
✔ encoderAdapter.encode: request, response, wire roundtrip, error and version (0.613625ms)
✔ rewardAdapter.evaluate: request, response, wire roundtrip, error and version (2.421459ms)
✔ analysisAdapter.extract: request, response, wire roundtrip, error and version (1.354375ms)
✔ toolkit.request: request, response, wire roundtrip, error and version (0.236334ms)
✔ toolkit.randomInt: request, response, wire roundtrip, error and version (0.197ms)
✔ toolkit.record: request, response, wire roundtrip, error and version (0.163875ms)
✔ gameModule.validate: request, response, wire roundtrip, error and version (2.154041ms)
✔ gameModule.view: request, response, wire roundtrip, error and version (0.607334ms)
✔ gameModule.actions: request, response, wire roundtrip, error and version (0.391917ms)
✔ gameModule.reward: request, response, wire roundtrip, error and version (0.267667ms)
✔ gameModule.facts: request, response, wire roundtrip, error and version (0.198667ms)
✔ execution.start: request, response, wire roundtrip, error and version (0.6925ms)
✔ execution.advance: request, response, wire roundtrip, error and version (0.253416ms)
✔ execution.save: request, response, wire roundtrip, error and version (0.218208ms)
✔ execution.restore: request, response, wire roundtrip, error and version (0.1735ms)
✔ execution.close: request, response, wire roundtrip, error and version (0.097792ms)
✔ game.manifest: request, response, wire roundtrip, error and version (0.7855ms)
✔ game.start: request, response, wire roundtrip, error and version (0.883625ms)
✔ game.apply: request, response, wire roundtrip, error and version (0.281ms)
✔ game.view: request, response, wire roundtrip, error and version (0.180917ms)
✔ game.actions: request, response, wire roundtrip, error and version (0.243334ms)
✔ game.save: request, response, wire roundtrip, error and version (0.216541ms)
✔ game.restore: request, response, wire roundtrip, error and version (0.180583ms)
✔ game.close: request, response, wire roundtrip, error and version (0.100917ms)
✔ session.create: request, response, wire roundtrip, error and version (1.036625ms)
✔ session.read: request, response, wire roundtrip, error and version (0.538917ms)
✔ session.actions: request, response, wire roundtrip, error and version (0.265541ms)
✔ session.submit: request, response, wire roundtrip, error and version (0.379667ms)
✔ session.events: request, response, wire roundtrip, error and version (0.288875ms)
✔ session.receipt: request, response, wire roundtrip, error and version (0.291417ms)
✔ session.close: request, response, wire roundtrip, error and version (0.106459ms)
✔ sessionAdmin.checkpoint: request, response, wire roundtrip, error and version (0.599542ms)
✔ sessionAdmin.recover: request, response, wire roundtrip, error and version (0.174667ms)
✔ sessionAdmin.fork: request, response, wire roundtrip, error and version (0.2465ms)
✔ sessionAdmin.deliver: request, response, wire roundtrip, error and version (0.357375ms)
✔ policy.describe: request, response, wire roundtrip, error and version (0.518625ms)
✔ policy.open: request, response, wire roundtrip, error and version (0.25725ms)
✔ policy.decide: request, response, wire roundtrip, error and version (0.748833ms)
✔ policy.release: request, response, wire roundtrip, error and version (0.077333ms)
✔ branch.save: request, response, wire roundtrip, error and version (0.133208ms)
✔ branch.recover: request, response, wire roundtrip, error and version (0.093458ms)
✔ branch.fork: request, response, wire roundtrip, error and version (0.283542ms)
✔ runner.start: request, response, wire roundtrip, error and version (0.513333ms)
✔ runner.status: request, response, wire roundtrip, error and version (0.229292ms)
✔ runner.checkpoint: request, response, wire roundtrip, error and version (0.339917ms)
✔ runner.recover: request, response, wire roundtrip, error and version (0.191208ms)
✔ runner.fork: request, response, wire roundtrip, error and version (0.363166ms)
✔ runner.stop: request, response, wire roundtrip, error and version (0.1275ms)
✔ runner.result: request, response, wire roundtrip, error and version (0.381333ms)
✔ experiment.start: request, response, wire roundtrip, error and version (0.449417ms)
✔ experiment.status: request, response, wire roundtrip, error and version (0.166042ms)
✔ experiment.stop: request, response, wire roundtrip, error and version (0.151666ms)
✔ experiment.result: request, response, wire roundtrip, error and version (0.065ms)
✔ training.encode: request, response, wire roundtrip, error and version (0.204625ms)
✔ training.assemble: request, response, wire roundtrip, error and version (0.971084ms)
✔ training.start: request, response, wire roundtrip, error and version (0.572625ms)
✔ training.status: request, response, wire roundtrip, error and version (0.164875ms)
✔ training.stop: request, response, wire roundtrip, error and version (0.126083ms)
✔ training.result: request, response, wire roundtrip, error and version (0.090625ms)
✔ planning.open: request, response, wire roundtrip, error and version (0.848875ms)
✔ planning.actions: request, response, wire roundtrip, error and version (0.179208ms)
✔ planning.step: request, response, wire roundtrip, error and version (0.160834ms)
✔ planning.fork: request, response, wire roundtrip, error and version (0.120375ms)
✔ planning.close: request, response, wire roundtrip, error and version (0.097125ms)
✔ analysis.estimate: request, response, wire roundtrip, error and version (1.176916ms)
✔ analysis.evidence: request, response, wire roundtrip, error and version (0.212958ms)
✔ store.put: request, response, wire roundtrip, error and version (0.279167ms)
✔ store.get: request, response, wire roundtrip, error and version (0.237ms)
✔ store.appendCommit: request, response, wire roundtrip, error and version (0.802417ms)
✔ store.appendActor: request, response, wire roundtrip, error and version (0.571209ms)
✔ store.appendPolicy: request, response, wire roundtrip, error and version (0.349334ms)
✔ store.query: request, response, wire roundtrip, error and version (0.328125ms)
✔ fixtures cover exactly the public registry (0.085875ms)
✔ deadline declares a host-only opaque timeout template (2.738542ms)
✔ neutral deadline consumer advances actual game without knowing timeout payload schema (7.283125ms)
✔ public lifecycle + service gateway + policy definition form a callable chain (3.514834ms)
✔ planning policy input cannot supply legal-info authority or caller as opponent (0.595042ms)
✔ registered reward adapter handles an actor that never made a decision (1.074875ms)
✔ encoder and analysis adapters have concrete typed entrypoints and provenance checks (2.04ms)
✔ full deal/bid/double/play/settle through public toolkit 1 (69.466ms)
✔ full deal/bid/double/play/settle through public toolkit 7 (34.041833ms)
✔ full deal/bid/double/play/settle through public toolkit 123 (52.451084ms)
✔ every player bids only once; all-pass redeals with controlled random stream (46.485459ms)
✔ normal auction stops after three bids, not after two subsequent passes (45.509917ms)
✔ private simultaneous doubling preserves peer slot and withholds bottom until redouble completes (25.564083ms)
✔ timeouts cover bidding, simultaneous doubles, redouble, leading and following (0.755833ms)
✔ illegal, stale and exact-deadline actions are rejected without mutating frame (0.630083ms)
✔ rulebook appendix scoring example and both kinds of spring (0.2955ms)
✔ queries use stable order, explicit entropy, scoped pages and legal prefix (1.521708ms)
✔ observation ignores opponent hand contents and rejects out-of-turn action queries (0.831792ms)
✔ exact same declared program inputs and random stream reproduce complete records (69.618042ms)
✔ terminal hooks refuse further moves; ordered sampling chooses endpoints (17.486459ms)
✔ each farmer multiplier is independent across all double/redouble combinations (0.340041ms)
✔ rulebook family single: 3 (0.555709ms)
✔ rulebook family pair: 15,15 (0.363709ms)
✔ rulebook family triple: 7,7,7 (0.067584ms)
✔ rulebook family tripleSingle: 3,3,3,4 (0.067542ms)
✔ rulebook family triplePair: 9,9,9,3,3 (0.052916ms)
✔ rulebook family straight: 3,4,5,6,7 (0.04675ms)
✔ rulebook family pairs: 3,3,4,4,5,5 (0.034708ms)
✔ rulebook family airplane: 3,3,3,4,4,4 (0.028292ms)
✔ rulebook family airplaneSingle: 3,3,3,4,4,4,5,5 (0.078333ms)
✔ rulebook family airplanePair: 3,3,3,4,4,4,6,6,9,9 (0.075667ms)
✔ rulebook family fourSingles: 5,5,5,5,3,9 (0.044083ms)
✔ rulebook family fourSingles: 5,5,5,5,3,3 (0.032834ms)
✔ rulebook family fourPairs: 9,9,9,9,6,6,8,8 (0.030167ms)
✔ rulebook family bomb: 15,15,15,15 (0.036209ms)
✔ rulebook family rocket: 16,17 (0.021542ms)
✔ illegal rank sequences, wings, double jokers and attached bomb are rejected (0.348125ms)
✔ comparison requires same family/length; bombs and rocket override (0.132792ms)
✔ complete legal-action set vs independent subset oracle 0 (1.87825ms)
✔ complete legal-action set vs independent subset oracle 1 (1.070959ms)
✔ complete legal-action set vs independent subset oracle 2 (7.34475ms)
✔ complete legal-action set vs independent subset oracle 3 (4.871958ms)
✔ complete legal-action set vs independent subset oracle 4 (3.547291ms)
✔ complete legal-action set vs independent subset oracle 5 (5.812125ms)
✔ complete legal-action set vs independent subset oracle 6 (5.209792ms)
✔ complete legal-action set vs independent subset oracle 7 (2.009584ms)
✔ complete legal-action set vs independent subset oracle 8 (4.15425ms)
✔ twos are not consecutive with ace when used as non-pair wings (0.066834ms)
ℹ tests 141
ℹ suites 0
ℹ pass 141
ℹ fail 0
ℹ cancelled 0
ℹ skipped 0
ℹ todo 0
ℹ duration_ms 485.943833

> bear-forge@0.3.0 check:boundaries
> node --experimental-strip-types tools/check_boundaries.ts && python3 tools/update_game_identity.py --check

PASS: game -> local domain modules / public contracts / pinned Zod; no private host port or direct runtime-service dependency
LIMIT: source dependency check, not a compiler whitelist or security sandbox proof
PASS: game content identities
