
> bear-forge@0.3.0 check
> npm run typecheck && npm test && npm run check:boundaries && npm run check:schemas && npm run check:proof-coverage


> bear-forge@0.3.0 typecheck
> tsc --noEmit


> bear-forge@0.3.0 test
> node --experimental-strip-types --test tests/contracts/*.test.ts tests/doudizhu/*.test.ts

✔ author module maps to existing Core/Game: events drain once and rejected input preserves boundary (3.850334ms)
✔ one author function also runs natively with matching state, requests, events and result (0.38925ms)
✔ artifact shape is separate from source modules and is not an admission proof (0.464209ms)
✔ Core faults cannot become a Game normal ending (0.2125ms)
✔ fixed categories are enums; opaque identifiers have concrete validation (1.836792ms)
✔ generic Core requests/capture work without game concepts; invalid replies do not advance (1.387666ms)
✔ same transition capability supports stack exploration and repeated rollouts (0.107583ms)
✔ capture argument schemas reject unsafe, fractional and negative coordinates (1.880625ms)
✔ busy resume rejects inspect, close and competing resume without stranding the original call (1.043625ms)
✔ append-only capture pagination supports polling at the tail without skipping or aliasing (0.208791ms)
✔ overlapping requests fault instead of overwriting the first pending continuation (0.175125ms)
✔ catching an invalid request cannot turn a faulted execution into a successful result (0.186417ms)
✔ Game failures have closed kind/code/state combinations and value-preserving schemas (2.905875ms)
✔ every Core failure maps into the public Game carrier without losing its class (0.477042ms)
✔ exact and construct share a JSON envelope while games own concrete schemas (4.195166ms)
✔ Dou Dizhu only accepts the concrete exact action reply (0.604667ms)
✔ construct convention is interpreted by a caller, with no Core or game-state access (0.098583ms)
✔ every Core kind/code pair accepts exactly the documented combinations (1.918834ms)
✔ game schema table binds options and validation to the selected contract (1.111ms)
✔ runtime contract dispatch rejects wrong key and wrong shape before domain validation (4.798917ms)
✔ two request types retain distinct native results in one game loop (0.212167ms)
✔ per-run options and Game snapshot schemas reject invalid public data (0.837167ms)
✔ schema profile rejects value changes, stripping and unknown nested constructors (3.75625ms)
✔ approved structural schemas preserve values over repeated validation (4.146583ms)
✔ custom checks require explicit trusted approval; equality guard rejects mutation anyway (0.520583ms)
✔ F4 original transform is rejected before parsing; parser edge cases cannot silently change data (0.148542ms)
✔ module key registries reject symbols, accessors, inheritance and mismatched handlers (0.132042ms)
✔ boundary copying does not invoke getters or silently strip host properties (0.133333ms)
✔ schema inspection does not execute lazy or object-shape getters (0.083042ms)
✔ accepted boundary copies preserve aliases while isolating the caller (0.219542ms)
✔ trusted approvals cannot override excluded transform and overwrite constructors (0.110584ms)
✔ diagnostic callbacks are subject to admission too (0.091792ms)
✔ byte boundary copies cannot retain shared mutable backing storage (0.701791ms)
✔ F1: simulation-only service recursively queries, validates and releases every child (7.367958ms)
✔ read targets reject foreign, wrong-boundary and illegal-input cases without changing snapshots (0.258708ms)
✔ snapshot batch release validates all refs before deleting any; duplicate refs denote one resource (0.215292ms)
✔ releasing parent snapshot or closing source game does not release the independent child (0.163167ms)
✔ full GameRuntime -> Execution -> real program, landlord 0 (35.514583ms)
✔ full GameRuntime -> Execution -> real program, landlord 1 (15.679334ms)
✔ full GameRuntime -> Execution -> real program, landlord 2 (24.031708ms)
✔ all-pass redeals; ordinary auction ends after exactly three bids (38.716208ms)
✔ private doubling keeps the other original input valid, and reveals bottom later (0.900709ms)
✔ full game can be driven by timeout templates after auction (20.773ms)
✔ all timeout defaults, including redouble and two passes (0.421958ms)
✔ illegal/out-of-turn/exact-deadline inputs do not resume or capture; queries are typed (0.672125ms)
✔ same public program inputs reproduce game trace, independent games interleave without contamination (118.679709ms)
✔ one adapter hosts distinct games; exact query outputs are isolated (0.675375ms)
✔ rulebook settlement and every farmer multiplier remain intact (0.330417ms)
✔ terminal consistency is validated; there is no second independent boundary.result (11.08975ms)
✔ executor reject preserves the correct adapter state (0.671459ms)
✔ executor malformed preserves the correct adapter state (0.704ms)
✔ executor throw preserves the correct adapter state (0.238708ms)
✔ executor outer-fault preserves the correct adapter state (0.181375ms)
✔ executor boundary-fault preserves the correct adapter state (0.177917ms)
✔ exact play options include every lead single and all returned actions pass game validation (1.465375ms)
✔ synchronous Core exceptions quarantine just like rejected promises (0.552417ms)
✔ close and advance cannot race; failed cleanup remains retryable (0.31775ms)
✔ different execution identity in a successful reply is an output fault (0.321708ms)
✔ confirmed missing Core execution permits idempotent local cleanup (0.239791ms)
✔ rulebook family single: 3 (0.694666ms)
✔ rulebook family pair: 15,15 (0.421083ms)
✔ rulebook family triple: 7,7,7 (0.072333ms)
✔ rulebook family tripleSingle: 3,3,3,4 (0.144625ms)
✔ rulebook family triplePair: 9,9,9,3,3 (0.074667ms)
✔ rulebook family straight: 3,4,5,6,7 (0.058541ms)
✔ rulebook family pairs: 3,3,4,4,5,5 (0.081167ms)
✔ rulebook family airplane: 3,3,3,4,4,4 (0.093708ms)
✔ rulebook family airplaneSingle: 3,3,3,4,4,4,5,5 (0.142958ms)
✔ rulebook family airplanePair: 3,3,3,4,4,4,6,6,9,9 (0.145209ms)
✔ rulebook family fourSingles: 5,5,5,5,3,9 (0.097334ms)
✔ rulebook family fourSingles: 5,5,5,5,3,3 (0.109958ms)
✔ rulebook family fourPairs: 9,9,9,9,6,6,8,8 (0.074541ms)
✔ rulebook family bomb: 15,15,15,15 (0.043ms)
✔ rulebook family rocket: 16,17 (0.03425ms)
✔ illegal rank sequences, wings, double jokers and attached bomb are rejected (0.522708ms)
✔ comparison requires same family/length; bombs and rocket override (0.267208ms)
✔ complete legal-action set vs independent subset oracle 0 (2.910292ms)
✔ complete legal-action set vs independent subset oracle 1 (1.585125ms)
✔ complete legal-action set vs independent subset oracle 2 (8.948917ms)
✔ complete legal-action set vs independent subset oracle 3 (6.530833ms)
✔ complete legal-action set vs independent subset oracle 4 (5.596292ms)
✔ complete legal-action set vs independent subset oracle 5 (7.258209ms)
✔ complete legal-action set vs independent subset oracle 6 (6.072ms)
✔ complete legal-action set vs independent subset oracle 7 (6.799208ms)
✔ complete legal-action set vs independent subset oracle 8 (5.70375ms)
✔ twos are not consecutive with ace when used as non-pair wings (0.066584ms)
ℹ tests 86
ℹ suites 0
ℹ pass 86
ℹ fail 0
ℹ cancelled 0
ℹ skipped 0
ℹ todo 0
ℹ duration_ms 461.526459

> bear-forge@0.3.0 check:boundaries
> node --experimental-strip-types tools/check_boundaries.ts

PASS: Core/Game contracts separated; no protocol factories; game imports only local implementation/public contracts/Zod
LIMIT: source dependency audit, not a controlled compiler or runtime sandbox proof

> bear-forge@0.3.0 check:schemas
> node --experimental-strip-types tools/check_schema_admission.ts

PASS: 53 public/game schemas satisfy the pinned value-preserving structural profile
LIMIT: genuine admitted Zod instances and reviewed callback provenance are prerequisites; runtime must use value-equality validation, not arbitrary parse calls.

> bear-forge@0.3.0 check:proof-coverage
> node --experimental-strip-types tools/check_protocol_coverage.ts --self-test

PASS: 103 public definitions covered by 15 named law groups
OPEN: 15 law groups retain outstanding obligations; coverage is not correctness proof
PASS: reject missing export
PASS: reject extra export
PASS: reject duplicate export
PASS: reject uncovered export
PASS: reject unknown law
PASS: reject stale source
PASS: reject unsupported completion label
PASS: reject missing evidence
